// Vitest Snapshot v1, https://vitest.dev/guide/snapshot.html

exports[`topic session generation (deterministic) > snapshot preview for animal-friends 1`] = `
[
  "dog -> 🐕 | distractors: 🦢, 🦄",
  "hamster -> 🐹 | distractors: 🦋, 🦔",
  "turkey -> 🦃 | distractors: 🦫, 🐼",
  "sheep -> 🐑 | distractors: 🐐, 🐃",
  "horse -> 🐎 | distractors: 🦇, 🦭",
  "bee -> 🐝 | distractors: 🐀, 🦚",
  "cat -> 🐈 | distractors: 🦓, 🦈",
  "fish -> 🐟 | distractors: 🦃, 🐐",
  "peacock -> 🦚 | distractors: 🪰, 🦂",
  "ant -> 🐜 | distractors: 🦇, 🦬",
]
`;

exports[`topic session generation (deterministic) > snapshot preview for celebrations 1`] = `
[
  "sparkler -> 🎇 | distractors: 🎏, 🧧",
  "ghost -> 👻 | distractors: 🤔, 💞",
  "heart -> ❤️ | distractors: 😟, 👻",
  "party -> 🎉 | distractors: 🎟️, 🎫",
  "ribbon -> 🎀 | distractors: 🎎, 🎏",
  "disco ball -> 🪩 | distractors: 🎲, ♦️",
  "trophy -> 🏆 | distractors: 🔪, 📷",
  "fireworks -> 🎆 | distractors: 🎁, 🎊",
  "Christmas -> 🎄 | distractors: 🎃, 🎫",
  "balloon -> 🎈 | distractors: 🎟️, 🎫",
]
`;

exports[`topic session generation (deterministic) > snapshot preview for clothing 1`] = `
[
  "dress -> 👗 | distractors: 🩱, 🎒",
  "gloves -> 🧤 | distractors: 💍, 🥽",
  "high heel -> 👠 | distractors: 💎, 👕",
  "socks -> 🧦 | distractors: 🩰, 👖",
  "pants -> 👖 | distractors: 🧢, 🎓",
  "boots -> 🥾 | distractors: ⛑️, 👓",
  "sandal -> 🩴 | distractors: 👘, 🩰",
  "purse -> 👛 | distractors: 👒, ⛑️",
  "tie -> 👔 | distractors: 🥿, 🧥",
  "shirt -> 👕 | distractors: 👟, 👒",
]
`;

exports[`topic session generation (deterministic) > snapshot preview for colors 1`] = `
[
  "black -> black | distractors: navy, salmon",
  "green -> green | distractors: black, yellow",
  "indigo -> indigo | distractors: khaki, silver",
  "salmon -> salmon | distractors: cyan, yellow",
  "olive -> olive | distractors: maroon, brown",
  "gold -> gold | distractors: lime, navy",
  "pink -> pink | distractors: khaki, tan",
  "coral -> coral | distractors: cyan, maroon",
  "lime -> lime | distractors: navy, blue",
  "khaki -> khaki | distractors: cyan, maroon",
]
`;

exports[`topic session generation (deterministic) > snapshot preview for emotions 1`] = `
[
  "love -> 🥰 | distractors: 👽, 🫥",
  "sad -> 😢 | distractors: 💦, ❣️",
  "shy -> 😳 | distractors: 🤑, 🤭",
  "happy -> 😊 | distractors: ❣️, 🤗",
  "angry -> 😠 | distractors: 🤯, 😀",
  "thinking -> 🤔 | distractors: 🙄, 🤥",
  "winking -> 😉 | distractors: 😇, 😄",
  "cool -> 😎 | distractors: 👺, 🤒",
  "scared -> 😨 | distractors: 💟, 💕",
  "worried -> 😟 | distractors: 🤧, 🗨️",
]
`;

exports[`topic session generation (deterministic) > snapshot preview for flags-easy 1`] = `
[
  "Finland -> 🇫🇮 | distractors: 🇨🇳, 🇲🇺",
  "Turkey -> 🇹🇷 | distractors: 🇨🇶, 🇵🇰",
  "Brazil -> 🇧🇷 | distractors: 🇧🇩, 🇪🇷",
  "Russia -> 🇷🇺 | distractors: 🇲🇷, 🇧🇮",
  "South Korea -> 🇰🇷 | distractors: 🇸🇾, 🇦🇹",
  "Sweden -> 🇸🇪 | distractors: 🇧🇧, 🇼🇫",
  "Canada -> 🇨🇦 | distractors: 🇵🇾, 🇦🇬",
  "Egypt -> 🇪🇬 | distractors: 🇧🇪, 🇮🇩",
  "Portugal -> 🇵🇹 | distractors: 🇮🇷, 🇦🇱",
  "France -> 🇫🇷 | distractors: 🇰🇭, 🇫🇯",
]
`;

exports[`topic session generation (deterministic) > snapshot preview for flags-hard 1`] = `
[
  "Uruguay -> 🇺🇾 | distractors: 🇰🇵, 🇰🇷",
  "Suriname -> 🇸🇷 | distractors: 🇫🇴, 🇭🇰",
  "Moldova -> 🇲🇩 | distractors: 🇰🇬, 🇦🇿",
  "Nepal -> 🇳🇵 | distractors: 🇬🇳, 🇸🇬",
  "Montenegro -> 🇲🇪 | distractors: 🇱🇨, 🇺🇬",
  "Qatar -> 🇶🇦 | distractors: 🇩🇿, 🇬🇬",
  "El Salvador -> 🇸🇻 | distractors: 🇸🇨, 🇸🇲",
  "Honduras -> 🇭🇳 | distractors: 🇵🇲, 🇳🇱",
  "Paraguay -> 🇵🇾 | distractors: 🇬🇩, 🇲🇩",
  "Myanmar -> 🇲🇲 | distractors: 🇸🇹, 🇨🇮",
]
`;

exports[`topic session generation (deterministic) > snapshot preview for flags-medium 1`] = `
[
  "Jamaica -> 🇯🇲 | distractors: 🇧🇼, 🇸🇩",
  "Peru -> 🇵🇪 | distractors: 🇨🇱, 🇸🇬",
  "Israel -> 🇮🇱 | distractors: 🇨🇭, 🇪🇦",
  "Nigeria -> 🇳🇬 | distractors: 🇺🇦, 🇦🇹",
  "Pakistan -> 🇵🇰 | distractors: 🇿🇲, 🇵🇹",
  "Dominican Republic -> 🇩🇴 | distractors: 🇸🇯, 🇸🇳",
  "Tanzania -> 🇹🇿 | distractors: 🇻🇺, 🇸🇰",
  "Morocco -> 🇲🇦 | distractors: 🇬🇷, 🇪🇪",
  "Singapore -> 🇸🇬 | distractors: 🇭🇺, 🇸🇪",
  "Czech Republic -> 🇨🇿 | distractors: 🇿🇦, 🇬🇼",
]
`;

exports[`topic session generation (deterministic) > snapshot preview for food 1`] = `
[
  "rice -> 🍚 | distractors: 🥯, 🍥",
  "chocolate -> 🍫 | distractors: 🍱, 🥪",
  "bread -> 🍞 | distractors: 🍿, 🍪",
  "hamburger -> 🍔 | distractors: 🍳, 🍪",
  "pancakes -> 🥞 | distractors: 🍰, 🫓",
  "waffle -> 🧇 | distractors: 🍰, 🫓",
  "sushi -> 🍣 | distractors: 🧁, 🍛",
  "taco -> 🌮 | distractors: 🍜, 🍫",
  "pie -> 🥧 | distractors: 🍢, 🥘",
  "noodles -> 🍜 | distractors: 🥘, 🥨",
]
`;

exports[`topic session generation (deterministic) > snapshot preview for fruits 1`] = `
[
  "blueberries -> 🫐 | distractors: 🥥, 🍎",
  "banana -> 🍌 | distractors: 🍈, 🥝",
  "melon -> 🍈 | distractors: 🥭, 🍋",
  "orange -> 🍊 | distractors: 🫐, 🍇",
  "watermelon -> 🍉 | distractors: 🥭, 🍓",
  "mango -> 🥭 | distractors: 🍈, 🥝",
  "coconut -> 🥥 | distractors: 🍌, 🍏",
  "peach -> 🍑 | distractors: 🥭, 🥥",
  "strawberry -> 🍓 | distractors: 🥥, 🥭",
  "kiwi -> 🥝 | distractors: 🫒, 🍋",
]
`;

exports[`topic session generation (deterministic) > snapshot preview for nature 1`] = `
[
  "shell -> 🐚 | distractors: 🐥, 🦬",
  "clover -> 🍀 | distractors: 🌾, 🌺",
  "rain -> 🌧️ | distractors: 🪐, 🌠",
  "sunrise -> 🌅 | distractors: 🏕️, 🏢",
  "wave -> 🌊 | distractors: 🔥, ☃️",
  "mushroom -> 🍄 | distractors: 🌵, 🪻",
  "fire -> 🔥 | distractors: 🌦️, 🌫️",
  "snowman -> ⛄ | distractors: 🌪️, 🌀",
  "lightning -> ⚡ | distractors: 🌊, 💧",
  "moon -> 🌙 | distractors: ⛄, 🌬️",
]
`;

exports[`topic session generation (deterministic) > snapshot preview for professions 1`] = `
[
  "mechanic -> 👨‍🔧 | distractors: 🙋, 🥷",
  "construction -> 👷 | distractors: 👩‍✈️, 🧑‍🌾",
  "artist -> 👨‍🎨 | distractors: 🤵‍♂️, 🗣️",
  "scientist -> 👨‍🔬 | distractors: 🫀, 👨‍🔧",
  "office worker -> 👨‍💼 | distractors: 👩‍🎓, 🧓",
  "pilot -> 👨‍✈️ | distractors: 👩‍🎓, 💁",
  "student -> 👨‍🎓 | distractors: 👀, 🦵",
  "judge -> 👨‍⚖️ | distractors: 🫁, 🙆",
  "cook -> 👨‍🍳 | distractors: 🫀, 👩‍🔧",
  "singer -> 👨‍🎤 | distractors: 🫄, 👩‍🏭",
]
`;

exports[`topic session generation (deterministic) > snapshot preview for shapes 1`] = `
[
  "red circle -> 🔴 | distractors: 🟥, 🟩",
  "orange circle -> 🟠 | distractors: 🟨, 🟦",
  "pink heart -> 💗 | distractors: 🥴, 😱",
  "purple heart -> 💜 | distractors: 😳, 💤",
  "brown circle -> 🟤 | distractors: 🟥, 🟩",
  "green heart -> 💚 | distractors: 💬, 😵",
  "orange square -> 🟧 | distractors: ⚪, 🟣",
  "orange diamond -> 🔶 | distractors: 🔘, ⚪",
  "purple circle -> 🟣 | distractors: ⬜, 🔘",
  "blue heart -> 💙 | distractors: 🤥, 💭",
]
`;

exports[`topic session generation (deterministic) > snapshot preview for sports 1`] = `
[
  "diving -> 🤿 | distractors: 🥏, 🥅",
  "skiing -> ⛷️ | distractors: 🥅, 🏊",
  "snowboard -> 🏂 | distractors: 🥅, 🏊",
  "swimming -> 🏊 | distractors: 🤾, 🤼",
  "medal -> 🏅 | distractors: 📠, 🏆",
  "badminton -> 🏸 | distractors: ⛳, 🏑",
  "wrestling -> 🤼 | distractors: 🥌, 🏂",
  "basketball -> 🏀 | distractors: 🏸, ⛳",
  "hockey -> 🏒 | distractors: 🚣, 🎿",
  "skateboard -> 🛹 | distractors: 🦼, 🚞",
]
`;

exports[`topic session generation (deterministic) > snapshot preview for vehicles 1`] = `
[
  "bicycle -> 🚲 | distractors: ⛴️, 🚜",
  "airplane -> ✈️ | distractors: 🚅, 🛰️",
  "truck -> 🚚 | distractors: 🦼, 🚓",
  "sailboat -> ⛵ | distractors: 🦽, 🚠",
  "metro -> 🚇 | distractors: 🚘, 🚡",
  "fire truck -> 🚒 | distractors: 🚍, 🚐",
  "helicopter -> 🚁 | distractors: 🚍, 🚤",
  "tractor -> 🚜 | distractors: 🛼, 🚐",
  "train -> 🚂 | distractors: 🛻, 🚔",
  "pickup truck -> 🛻 | distractors: 🚔, 🚤",
]
`;

exports[`topic session generation (deterministic) > snapshot preview for wild-animals 1`] = `
[
  "butterfly -> 🦋 | distractors: 🪰, 🦂",
  "crab -> 🦀 | distractors: 🐔, 🦢",
  "lion -> 🦁 | distractors: 🦧, 🐴",
  "shark -> 🦈 | distractors: 🐆, 🦊",
  "owl -> 🦉 | distractors: 🐐, 🐎",
  "monkey -> 🐵 | distractors: 🪰, 🦌",
  "lobster -> 🦞 | distractors: 🐔, 🐯",
  "jellyfish -> 🪼 | distractors: 🐪, 🦞",
  "bat -> 🦇 | distractors: 🐍, 🦑",
  "whale -> 🐋 | distractors: 🦅, 🦁",
]
`;
