// Vitest Snapshot v1, https://vitest.dev/guide/snapshot.html

exports[`generateLocalContent snapshot > summarizes common words deterministically 1`] = `
[
  "dog -> emoji:🐕 | 🐵, 🐒",
  "cat -> emoji:🐈 | 🐵, 🐒",
  "cow -> emoji:🐄 | 🐵, 🐒",
  "horse -> emoji:🐎 | 🐵, 🐒",
  "lion -> emoji:🦁 | 🐵, 🐒",
  "elephant -> emoji:🐘 | 🐵, 🐒",
  "fish -> emoji:🐟 | 🐵, 🐒",
  "duck -> emoji:🦆 | 🐵, 🐒",
  "rabbit -> emoji:🐇 | 🐵, 🐒",
  "monkey -> emoji:🐒 | 🦍, 🦧",
  "pizza -> emoji:🍕 | 🍞, 🥐",
  "ice cream -> emoji:🍨 | 🍞, 🥐",
  "cake -> emoji:🥮 | 🍞, 🥐",
  "cookie -> emoji:🍪 | 🍞, 🥐",
  "bread -> emoji:🍞 | 🥨, 🥞",
  "cheese -> emoji:🧀 | 🍞, 🥐",
  "egg -> emoji:🥚 | 🍞, 🥖",
  "apple -> emoji:🍎 | 🍇, 🍈",
  "banana -> emoji:🍌 | 🍇, 🍈",
  "orange -> color:orange | blue, green",
  "grapes -> emoji:🍇 | 🍈, 🍉",
  "watermelon -> emoji:🍉 | 🍇, 🍈",
  "cherry -> emoji:🌸 | 💐, 💮",
  "car -> emoji:🚋 | 🚂, 🚄",
  "bus -> emoji:🚌 | 🚂, 🚃",
  "train -> emoji:🚆 | 🚇, 🚊",
  "truck -> emoji:🛻 | 🚂, 🚃",
  "plane -> null",
  "boat -> emoji:🛥️ | 🚂, 🚃",
  "bicycle -> emoji:🚲 | 🚂, 🚃",
  "helicopter -> emoji:🚁 | 🚂, 🚃",
  "red -> color:red | blue, green",
  "blue -> color:blue | red, green",
  "green -> color:green | red, blue",
  "yellow -> color:yellow | red, blue",
  "orange -> color:orange | blue, green",
  "purple -> color:purple | red, blue",
  "rojo -> color:red | blue, green",
  "azul -> color:blue | red, green",
  "verde -> color:green | red, blue",
  "circle -> emoji:🔴 | 🟠, 🟡",
  "square -> emoji:🟥 | 🔴, 🟠",
  "triangle -> emoji:🔺 | 🔴, 🟠",
  "star -> emoji:⭐ | 🌑, 🌒",
  "heart -> emoji:❤️ | 😀, 😃",
  "diamond -> emoji:♦️ | 🎯, 🪀",
  "happy -> null",
  "sad -> emoji:😥 | 😀, 😃",
  "angry -> emoji:😠 | 😀, 😃",
  "scared -> null",
  "surprised -> null",
  "sleepy -> emoji:😪 | 😀, 😃",
  "love -> emoji:🏩 | 🌍, 🌎",
  "excited -> null",
  "worried -> emoji:😟 | 😀, 😃",
  "crying -> emoji:😢 | 😀, 😃",
  "United States -> emoji:🇺🇸 | 🇦🇨, 🇦🇩",
  "United Kingdom -> emoji:🇬🇧 | 🇦🇨, 🇦🇩",
  "Japan -> emoji:🗾 | 🌍, 🌎",
  "Australia -> emoji:🌏 | 🗾, 🧭",
  "balloon -> emoji:🎈 | 🎃, 🎄",
  "gift -> emoji:🎁 | 🎃, 🎆",
  "party -> emoji:🎉 | 🎃, 🎄",
]
`;
